i imported
p function[0]
p function[1]
p function[2]
p function[3]
p function[4]
p function[5]
p function[6]
p function[7]
p function[8]
p function[9]
p function[10]
p function[11]
p function[12]
p function[13]
p function[14]
p function[15]
p function[16]
p function[17]
p function[18]
p function[19]
p function[20]
p function[21]
p function[22]
p function[23]
p function[24]
p function[25]
p function[26]
p function[27]
p function[28]
p function[29]
p function[30]
p function[31]
p function[32]
p function[33]
p function[34]
p function[35]
p function[36]
p function[37]
p function[38]
p function[39]
p function[40]
p function[41]
p function[42]
p function[43]
p function[44]
p function[45]
p function[46]
p function[47]
p function[48]
p function[49]
p function[50]
p function[51]
p function[52]
p function[53]
p function[54]
p function[55]
p function[56]
p function[57]
p function[58]
p function[59]
p function[60]
p function[61]
p function[62]
p function[63]
p function[64]
p function[65]
p function[66]
p function[67]
p function[68]
p function[69]
p function[70]
p function[71]
p function[72]
e __muldi3
e __multi3
e __mulosi4
e __mulodi4
e __muloti4
e __divsi3
e __divdi3
e __divti3
e __modsi3
e __moddi3
e __modti3
e __divmodsi4
e __divmoddi4
e __ashldi3
e __ashlti3
e __ashrdi3
e __ashrti3
e __lshrdi3
e __lshrti3
e __udivsi3
e __umodsi3
e __udivmodsi4
e __udivdi3
e __udivmoddi4
e __umoddi3
e __udivti3
e __udivmodti4
e __umodti3
e memcpy
e memmove
e memset
e memcmp
e __addsf3
e __adddf3
e __floatsisf
e __floatsidf
e __floatdidf
e __floattisf
e __floattidf
e __floatunsisf
e __floatunsidf
e __floatundidf
e __floatuntisf
e __floatuntidf
e __fixsfsi
e __fixsfdi
e __fixsfti
e __fixdfsi
e __fixdfdi
e __fixdfti
e __fixunssfsi
e __fixunssfdi
e __fixunssfti
e __fixunsdfsi
e __fixunsdfdi
e __fixunsdfti
e __divsf3
e __divdf3
e __mulsf3
e __muldf3
e __powisf2
e __powidf2
e __subsf3
e __subdf3
e rust_eh_personality
p function[138]
p function[139]
p function[140]
p function[141]
p function[142]
p function[143]
p function[144]
p function[145]
p function[146]
p function[147]
p function[148]
p function[149]
p function[150]
p function[151]
p function[152]
p function[153]
p function[154]
p function[155]
p function[156]
p function[157]
p function[158]
p function[159]
p function[160]
p function[161]
p function[162]
p function[163]
p function[164]
p function[165]
p function[166]
p function[167]
p function[168]
p function[169]
p function[170]
p function[171]
p function[172]
p function[173]
p function[174]
p function[175]
p function[176]
p function[177]
p function[178]
e fluxions
e quicksilver
e main
p function[182]
p function[183]
