i imported
p imported
p _ZN3std2rt10lang_start28_$u7b$$u7b$closure$u7d$$u7d$17h4a005ebb0fff14ceE
p _ZN4core3ops8function6FnOnce9call_once17hfec8c71b0834a396E
p _ZN4core3ptr13drop_in_place17haec76f9ee14b5e35E
p _ZN33_$LT$alloc..vec..Vec$LT$T$GT$$GT$13reserve_exact17h12cd11688004ca4bE
p _ZN33_$LT$alloc..vec..Vec$LT$T$GT$$GT$13shrink_to_fit17hab6a6becd91a127fE
p _ZN33_$LT$alloc..vec..Vec$LT$T$GT$$GT$17extend_from_slice17h55be1b9e3931382fE
p _ZN49_$LT$alloc..raw_vec..RawVec$LT$T$C$$u20$A$GT$$GT$6double17hcb678cb3bee53ad7E
p _ZN53_$LT$$RF$$u27$a$u20$T$u20$as$u20$core..fmt..Debug$GT$3fmt17h4a5a01d440d30f67E
p _ZN3std10sys_common11at_exit_imp7cleanup17h3cbcee67c7d8b406E
p _ZN3std10sys_common11thread_info11THREAD_INFO7__getit17h5520c8a621a7d891E
p _ZN3std10sys_common12thread_local9StaticKey9lazy_init17h0e26fad736fa74a6E
p _ZN4core6result13unwrap_failed17h0cf9629bbd9645feE
p _ZN4core6result13unwrap_failed17h1db66428c6b7f087E
p _ZN4core6result13unwrap_failed17haeeb2813da2027baE
p _ZN4core6result13unwrap_failed17hbd0e0d830f79de1aE
p _ZN4core6result13unwrap_failed17hec2c782fbf0c355cE
p _ZN3std5error5Error5cause17h70c0e8f8d884244eE
p _ZN3std5error5Error7type_id17h0597eb3374c8b596E
p _ZN281_$LT$std..error..$LT$impl$u20$core..convert..From$LT$alloc..string..String$GT$$u20$for$u20$alloc..boxed..Box$LT$std..error..Error$u20$$u2b$$u20$core..marker..Sync$u20$$u2b$$u20$core..marker..Send$u20$$u2b$$u20$$u27$static$GT$$GT$..from..StringError$u20$as$u20$std..error..Error$GT$11description17heae9827b7cd47142E
p _ZN282_$LT$std..error..$LT$impl$u20$core..convert..From$LT$alloc..string..String$GT$$u20$for$u20$alloc..boxed..Box$LT$std..error..Error$u20$$u2b$$u20$core..marker..Sync$u20$$u2b$$u20$core..marker..Send$u20$$u2b$$u20$$u27$static$GT$$GT$..from..StringError$u20$as$u20$core..fmt..Display$GT$3fmt17h4b11ad51403e1489E
p _ZN3std2io5Write9write_all17h1e22c345ee74bd20E
p _ZN3std2io5Write9write_fmt17he1152d8bae99d65bE
p _ZN4core3ptr13drop_in_place17h2bdbaf674f0aee8fE
p _ZN280_$LT$std..error..$LT$impl$u20$core..convert..From$LT$alloc..string..String$GT$$u20$for$u20$alloc..boxed..Box$LT$std..error..Error$u20$$u2b$$u20$core..marker..Sync$u20$$u2b$$u20$core..marker..Send$u20$$u2b$$u20$$u27$static$GT$$GT$..from..StringError$u20$as$u20$core..fmt..Debug$GT$3fmt17h710025ce6ce2de1fE
p _ZN4core3ptr13drop_in_place17h65247ce7e4709129E
p _ZN4core3fmt5Write10write_char17hb47c60d960f24025E
p _ZN4core3fmt5Write9write_fmt17hd6115c3c6bf97ff1E
p _ZN4core3ptr13drop_in_place17hcd2d108484489df3E
p _ZN94_$LT$std..io..Write..write_fmt..Adaptor$LT$$u27$a$C$$u20$T$GT$$u20$as$u20$core..fmt..Write$GT$9write_str17hfb203f95b9e34b22E
p _ZN4core3ptr13drop_in_place17h8f35c23f76abee51E
p _ZN3std2io5error5Error3new17h381dae13d0f2cf0dE
p _ZN33_$LT$alloc..arc..Arc$LT$T$GT$$GT$9drop_slow17h933c0bf4db588528E
p _ZN36_$LT$T$u20$as$u20$core..any..Any$GT$11get_type_id17hcf276e0529accfd4E
p _ZN4core3fmt5Write9write_fmt17hf94ca4b41923d8fbE
p _ZN4core3ptr13drop_in_place17ha05a3a5b67481aadE
p _ZN53_$LT$$RF$$u27$a$u20$T$u20$as$u20$core..fmt..Debug$GT$3fmt17h14a99863a6b1c9daE
p _ZN3std6thread6Thread3new17h84c5176c2b27bd8aE
p _ZN62_$LT$std..ffi..c_str..NulError$u20$as$u20$core..fmt..Debug$GT$3fmt17hebab1e70554ff965E
p _ZN4core3ptr13drop_in_place17h9caabe1a35ed262cE
p _ZN4core3ptr13drop_in_place17heb39250dd62cb94bE
p _ZN3std6thread5local2os13destroy_value17h742a7e47335460b8E
p _ZN3std6thread5local2os13destroy_value17hb42727554f684767E
p _ZN3std6thread5local2os13destroy_value17hc4fcd9b61f79c3b7E
p _ZN3std10sys_common9backtrace28__rust_begin_short_backtrace17hb9f3968452a7d8dbE
p _ZN82_$LT$std..sys_common..poison..PoisonError$LT$T$GT$$u20$as$u20$core..fmt..Debug$GT$3fmt17h9ca8a5a1dc3f81beE
p _ZN3std10sys_common6memchr8fallback6memchr17hb120b04790bd1299E
p _ZN3std10sys_common4util10dumb_print17hd5898bb2eda1120aE
p _ZN3std9panicking11begin_panic17hdbf9a3586ca2db9bE
p _ZN3std9panicking20rust_panic_with_hook17h52b2005910c55f47E
p _ZN3std9panicking12default_hook28_$u7b$$u7b$closure$u7d$$u7d$17h02c960b6aa5cdc20E
p _ZN4core3ptr13drop_in_place17h47ff60385eded4a9E
p _ZN3std2io5impls69_$LT$impl$u20$std..io..Write$u20$for$u20$$RF$$u27$a$u20$mut$u20$W$GT$5write17h624a99b6a307d797E
p _ZN3std2io5impls69_$LT$impl$u20$std..io..Write$u20$for$u20$$RF$$u27$a$u20$mut$u20$W$GT$5flush17hc3482b034a6a4db7E
p _ZN3std2io5impls69_$LT$impl$u20$std..io..Write$u20$for$u20$$RF$$u27$a$u20$mut$u20$W$GT$9write_all17h91b04ea836f43923E
p _ZN3std2io5impls69_$LT$impl$u20$std..io..Write$u20$for$u20$$RF$$u27$a$u20$mut$u20$W$GT$9write_fmt17h52f014db65414dc6E
p _ZN3std9panicking12LOCAL_STDERR7__getit17ha4b201e512ab3c66E
p _ZN4core3ptr13drop_in_place17h87473f3cb67ee6ecE
p _ZN36_$LT$T$u20$as$u20$core..any..Any$GT$11get_type_id17hba485be8a12c6119E
p _ZN3std9panicking18update_panic_count11PANIC_COUNT7__getit17h4ec790dd4d7f8dcfE
p _ZN3std9panicking15begin_panic_fmt17h47786a9a66db0de4E
p _ZN3std9panicking11begin_panic17h1edc0d1d8a3585ffE
p _ZN4core3ptr13drop_in_place17h9f6f00b5724f00f3E.899
p _ZN53_$LT$$RF$$u27$a$u20$T$u20$as$u20$core..fmt..Debug$GT$3fmt17h2a3f4d7a59ce4687E
p _ZN55_$LT$$RF$$u27$a$u20$T$u20$as$u20$core..fmt..Display$GT$3fmt17he00d690ee0dec7e2E
p _ZN96_$LT$core..fmt..Write..write_fmt..Adapter$LT$$u27$a$C$$u20$T$GT$$u20$as$u20$core..fmt..Write$GT$10write_char17hc94f70c97a18b983E
p _ZN96_$LT$core..fmt..Write..write_fmt..Adapter$LT$$u27$a$C$$u20$T$GT$$u20$as$u20$core..fmt..Write$GT$10write_char17he86ec787baa105aaE
p _ZN96_$LT$core..fmt..Write..write_fmt..Adapter$LT$$u27$a$C$$u20$T$GT$$u20$as$u20$core..fmt..Write$GT$9write_fmt17h00448269bcfc4360E
p _ZN96_$LT$core..fmt..Write..write_fmt..Adapter$LT$$u27$a$C$$u20$T$GT$$u20$as$u20$core..fmt..Write$GT$9write_fmt17h41014a1452ce9a71E
p _ZN96_$LT$core..fmt..Write..write_fmt..Adapter$LT$$u27$a$C$$u20$T$GT$$u20$as$u20$core..fmt..Write$GT$9write_str17h44cd5c7a6bd3fa24E
p _ZN96_$LT$core..fmt..Write..write_fmt..Adapter$LT$$u27$a$C$$u20$T$GT$$u20$as$u20$core..fmt..Write$GT$9write_str17h9e92886134f68c4dE
p _ZN68_$LT$std..thread..local..AccessError$u20$as$u20$core..fmt..Debug$GT$3fmt17h38e9d4b028b59070E
p _ZN46_$LT$std..thread..local..LocalKey$LT$T$GT$$GT$8try_with17hfce1cc9f36b426d0E
e __muldi3
e __multi3
e __mulosi4
e __mulodi4
e __muloti4
e __divsi3
e __divdi3
e __divti3
e __modsi3
e __moddi3
e __modti3
e __divmodsi4
e __divmoddi4
e __ashldi3
e __ashlti3
e __ashrdi3
e __ashrti3
e __lshrdi3
e __lshrti3
e __udivsi3
e __umodsi3
e __udivmodsi4
e __udivdi3
e __udivmoddi4
e __umoddi3
e __udivti3
e __udivmodti4
e __umodti3
e memcpy
e memmove
e memset
e memcmp
e __addsf3
e __adddf3
e __floatsisf
e __floatsidf
e __floatdidf
e __floattisf
e __floattidf
e __floatunsisf
e __floatunsidf
e __floatundidf
e __floatuntisf
e __floatuntidf
e __fixsfsi
e __fixsfdi
e __fixsfti
e __fixdfsi
e __fixdfdi
e __fixdfti
e __fixunssfsi
e __fixunssfdi
e __fixunssfti
e __fixunsdfsi
e __fixunsdfdi
e __fixunsdfti
e __divsf3
e __divdf3
e __mulsf3
e __muldf3
e __powisf2
e __powidf2
e __subsf3
e __subdf3
e rust_eh_personality
p _ZN8dlmalloc8dlmalloc8Dlmalloc6malloc17hb37c2fafc9847520E
p _ZN8dlmalloc8dlmalloc8Dlmalloc18unlink_large_chunk17h9160cadc87bd9b58E
p _ZN8dlmalloc8dlmalloc8Dlmalloc18insert_large_chunk17h95b574ef6905303cE
p _ZN8dlmalloc8dlmalloc8Dlmalloc7realloc17h8a4bcf906f9969a3E
p _ZN8dlmalloc8dlmalloc8Dlmalloc13dispose_chunk17hfb236c21060aea2fE
p _ZN8dlmalloc8dlmalloc8Dlmalloc4free17h8185738df2a87b48E
p _ZN33_$LT$alloc..vec..Vec$LT$T$GT$$GT$17extend_from_slice17hf187e100f0904e3cE
p _ZN49_$LT$alloc..raw_vec..RawVec$LT$T$C$$u20$A$GT$$GT$11allocate_in17hf473635a28c2f60fE
p _ZN4core3fmt3num52_$LT$impl$u20$core..fmt..Debug$u20$for$u20$usize$GT$3fmt17he64994cf6f0229efE
p _ZN4core3fmt3num54_$LT$impl$u20$core..fmt..Display$u20$for$u20$usize$GT$3fmt17h2bb1c7279256f668E
p _ZN4core3fmt3num52_$LT$impl$u20$core..fmt..Display$u20$for$u20$u32$GT$3fmt17h7507ae0df89e6b5aE
p _ZN96_$LT$core..fmt..Write..write_fmt..Adapter$LT$$u27$a$C$$u20$T$GT$$u20$as$u20$core..fmt..Write$GT$9write_str17hf28d5d031ad32011E
p _ZN96_$LT$core..fmt..Write..write_fmt..Adapter$LT$$u27$a$C$$u20$T$GT$$u20$as$u20$core..fmt..Write$GT$10write_char17h12aa346679c88006E
p _ZN96_$LT$core..fmt..Write..write_fmt..Adapter$LT$$u27$a$C$$u20$T$GT$$u20$as$u20$core..fmt..Write$GT$9write_fmt17h0a74b8dc2e247efaE
p _ZN4core3fmt10ArgumentV110show_usize17h80e90b29feae30e4E
p _ZN4core3fmt5write17h914fcaafc6fb200aE
p _ZN4core3ptr13drop_in_place17h6f534c8c21ea70acE
p _ZN4core3fmt9Formatter12pad_integral17h2f2f83d99c318b28E
p _ZN4core3fmt9Formatter12pad_integral28_$u7b$$u7b$closure$u7d$$u7d$17h260e793666777f47E
p _ZN4core3fmt9Formatter3pad17hdb2be9f507201bd1E
p _ZN40_$LT$str$u20$as$u20$core..fmt..Debug$GT$3fmt17h0cf4ea19d7121472E
p _ZN41_$LT$char$u20$as$u20$core..fmt..Debug$GT$3fmt17h21dd5ee27649cffdE
p _ZN55_$LT$$RF$$u27$a$u20$T$u20$as$u20$core..fmt..Display$GT$3fmt17hdef34141bbace6f9E
p _ZN75_$LT$$RF$$u27$a$u20$mut$u20$I$u20$as$u20$core..iter..iterator..Iterator$GT$4next17h71d732fe2f55b336E
p _ZN4core3str16slice_error_fail17h09ffe3974e261c49E
p _ZN82_$LT$core..fmt..builders..PadAdapter$LT$$u27$a$GT$$u20$as$u20$core..fmt..Write$GT$9write_str17he73b859f871181bcE
p _ZN4core3fmt8builders10DebugTuple5field17h0824d538bf53adccE
p _ZN4core3fmt5Write10write_char17hcbedcd1253b69125E
p _ZN4core3fmt5Write9write_fmt17he646b8663fbc84c9E
p _ZN4core3ptr13drop_in_place17hea7e6e6e99670c73E
p _ZN4core9panicking5panic17h39c17c1237fb0327E
p _ZN4core9panicking18panic_bounds_check17h92acfa905e83b8aeE
p _ZN4core9panicking9panic_fmt17he30a33b74d717e0eE
p _ZN71_$LT$core..ops..range..Range$LT$Idx$GT$$u20$as$u20$core..fmt..Debug$GT$3fmt17h7ea97092a23a5a63E
p _ZN4core6option13expect_failed17h6ffc8268d6be0c2fE
p _ZN60_$LT$core..cell..BorrowError$u20$as$u20$core..fmt..Debug$GT$3fmt17h34889acdacce7e2aE
p _ZN63_$LT$core..cell..BorrowMutError$u20$as$u20$core..fmt..Debug$GT$3fmt17hff9567832a7eda60E
p _ZN4core12char_private12is_printable17hc5280a2390ffc7fcE
p _ZN4core12char_private5check17hd971f4210d6de5c9E
p _ZN4core5slice20slice_index_len_fail17he20ea683b5502d9aE
p _ZN4core5slice22slice_index_order_fail17h2c23bc1ce370b6f1E
e fluxions
e quicksilver
e main
p _ZN5hello4main17h2b8b138267cb20a6E
p __wasm_nullptr
