i imported
p function[0]
p function[1]
p function[2]
p function[3]
p function[4]
p function[5]
p function[6]
p function[7]
p function[8]
p function[9]
p function[10]
p function[11]
p function[12]
p function[13]
p function[14]
p function[15]
p function[16]
p function[17]
p function[18]
p function[19]
p function[20]
p function[21]
p function[22]
p function[23]
p function[24]
p function[25]
p function[26]
p function[27]
p function[28]
p function[29]
p function[30]
p function[31]
p function[32]
p function[33]
p function[34]
p function[35]
p function[36]
p function[37]
p function[38]
p function[39]
p function[40]
p function[41]
p function[42]
p function[43]
p function[44]
p function[45]
p function[46]
p function[47]
p function[48]
p function[49]
p function[50]
p function[51]
p function[52]
p function[53]
p function[54]
p function[55]
p function[56]
p function[57]
p function[58]
p function[59]
p function[60]
p function[61]
p function[62]
p function[63]
p function[64]
p function[65]
p function[66]
p function[67]
p function[68]
p function[69]
p function[70]
p function[71]
p function[72]
p function[73]
p function[74]
p function[75]
p function[76]
p function[77]
p function[78]
p function[79]
p function[80]
p function[81]
p function[82]
p function[83]
p function[84]
p function[85]
p function[86]
p function[87]
p function[88]
p function[89]
p function[90]
p function[91]
p function[92]
p function[93]
p function[94]
p function[95]
p function[96]
p function[97]
p function[98]
p function[99]
p function[100]
p function[101]
p function[102]
p function[103]
p function[104]
p function[105]
p function[106]
p function[107]
p function[108]
p function[109]
p function[110]
p function[111]
p function[112]
p function[113]
p function[114]
e fluxions
e quicksilver
p function[117]
p function[118]
p function[119]
